102:[main] [ 2026-09-02 14:09:16.454 BRT ] [CVUVariableData.<init>:100]  CVUVariableData created with names:  "oracle.install.crs.config.ignoreDownNodes"
1775:INFO: Setting value for the property:oracle_assistants_dbca_redoLogFileSize in the bean:ConfigPreferenceSettings
3074: oracle_assistants_dbca_numberOfRedoLogsPerInstance                      0
3078: oracle_assistants_dbca_redoLogFileSize                                  oracle.assistants.common.
3720:INFO: Sep 02, 2026 2:10:58 PM oracle.install.commons.bean.BeanStoreUtils restoreFromXML
3764:INFO: Sep 02, 2026 2:10:58 PM oracle.install.commons.bean.BeanStoreUtils restoreFromXML
3804:INFO: Sep 02, 2026 2:10:58 PM oracle.install.commons.bean.BeanStoreUtils restoreFromXML
4051:INFO: Setting value for the property:oracle_assistants_common_size_unit in the bean:oracle_assistants_common_redoLog_fileSize
4055:INFO: Setting value for the property:oracle_assistants_common_size_value in the bean:oracle_assistants_common_redoLog_fileSize
4059:INFO: Setting value for the property:oracle_assistants_common_redoLog_fileSize in the bean:RedologGroupSettings
4063:INFO: Setting value for the property:oracle_assistants_common_redoLog_thread in the bean:RedologGroupSettings
4067:INFO: Setting value for the property:oracle_assistants_common_redoLog_isReuse in the bean:RedologGroupSettings
4071:INFO: Setting value for the property:oracle_assistants_common_redoLog_id in the bean:RedologGroupSettings
4087:INFO: Setting value for the property:oracle_assistants_common_redoLog_members in the bean:RedologGroupSettings
4091:INFO: Setting value for the property:oracle_assistants_common_size_unit in the bean:oracle_assistants_common_redoLog_fileSize
4095:INFO: Setting value for the property:oracle_assistants_common_size_value in the bean:oracle_assistants_common_redoLog_fileSize
4099:INFO: Setting value for the property:oracle_assistants_common_redoLog_fileSize in the bean:RedologGroupSettings
4103:INFO: Setting value for the property:oracle_assistants_common_redoLog_thread in the bean:RedologGroupSettings
4107:INFO: Setting value for the property:oracle_assistants_common_redoLog_isReuse in the bean:RedologGroupSettings
4111:INFO: Setting value for the property:oracle_assistants_common_redoLog_id in the bean:RedologGroupSettings
4127:INFO: Setting value for the property:oracle_assistants_common_redoLog_members in the bean:RedologGroupSettings
4131:INFO: Setting value for the property:oracle_assistants_common_size_unit in the bean:oracle_assistants_common_redoLog_fileSize
4135:INFO: Setting value for the property:oracle_assistants_common_size_value in the bean:oracle_assistants_common_redoLog_fileSize
4139:INFO: Setting value for the property:oracle_assistants_common_redoLog_fileSize in the bean:RedologGroupSettings
4143:INFO: Setting value for the property:oracle_assistants_common_redoLog_thread in the bean:RedologGroupSettings
4147:INFO: Setting value for the property:oracle_assistants_common_redoLog_isReuse in the bean:RedologGroupSettings
4151:INFO: Setting value for the property:oracle_assistants_common_redoLog_id in the bean:RedologGroupSettings
4167:INFO: Setting value for the property:oracle_assistants_common_redoLog_members in the bean:RedologGroupSettings
4171:INFO: Setting value for the property:oracle_assistants_common_redologGroupSettings in the bean:StorageSettings
6909:INFO: Sep 02, 2026 2:15:17 PM oracle.assistants.common.util.DBStorageLocationHelper getFreeSpaceRequiredForRedoLogs
6910:INFO: Adding redo log size: 200of file: 1 and member: {ORACLE_BASE}/oradata/{DB_UNIQUE_NAME}/to space required
6913:INFO: Sep 02, 2026 2:15:17 PM oracle.assistants.common.util.DBStorageLocationHelper getFreeSpaceRequiredForRedoLogs
6914:INFO: Adding redo log size: 200of file: 2 and member: {ORACLE_BASE}/oradata/{DB_UNIQUE_NAME}/to space required
6917:INFO: Sep 02, 2026 2:15:17 PM oracle.assistants.common.util.DBStorageLocationHelper getFreeSpaceRequiredForRedoLogs
6918:INFO: Adding redo log size: 200of file: 3 and member: {ORACLE_BASE}/oradata/{DB_UNIQUE_NAME}/to space required
7216:INFO: Sep 02, 2026 2:15:20 PM oracle.assistants.common.util.DBStorageLocationHelper getFreeSpaceRequiredForRedoLogs
7217:INFO: Adding redo log size: 200of file: 1 and member: /u01/oradata/{DB_UNIQUE_NAME}/to space required
7220:INFO: Sep 02, 2026 2:15:20 PM oracle.assistants.common.util.DBStorageLocationHelper getFreeSpaceRequiredForRedoLogs
7221:INFO: Adding redo log size: 200of file: 2 and member: /u01/oradata/{DB_UNIQUE_NAME}/to space required
7224:INFO: Sep 02, 2026 2:15:20 PM oracle.assistants.common.util.DBStorageLocationHelper getFreeSpaceRequiredForRedoLogs
7225:INFO: Adding redo log size: 200of file: 3 and member: /u01/oradata/{DB_UNIQUE_NAME}/to space required
7412:INFO: Sep 02, 2026 2:16:36 PM oracle.assistants.common.util.DBStorageLocationHelper getFreeSpaceRequiredForRedoLogs
7413:INFO: Adding redo log size: 200of file: 1 and member: /u01/oradata/{DB_UNIQUE_NAME}/to space required
7416:INFO: Sep 02, 2026 2:16:36 PM oracle.assistants.common.util.DBStorageLocationHelper getFreeSpaceRequiredForRedoLogs
7417:INFO: Adding redo log size: 200of file: 2 and member: /u01/oradata/{DB_UNIQUE_NAME}/to space required
7420:INFO: Sep 02, 2026 2:16:36 PM oracle.assistants.common.util.DBStorageLocationHelper getFreeSpaceRequiredForRedoLogs
7421:INFO: Adding redo log size: 200of file: 3 and member: /u01/oradata/{DB_UNIQUE_NAME}/to space required
12221:INFO: Sep 02, 2026 2:20:52 PM oracle.assistants.dbca.util.StorageCustomizationHelper constructRedologGroupsForCreateDB
12222:INFO: Updating redo logs
12226:INFO: Updating redo log groups
12229:INFO: Sep 02, 2026 2:20:52 PM oracle.assistants.dbca.util.StorageCustomizationHelper constructRedologGroupsForCreateDB
12230:INFO: Calculated instance count for storage:1 no of redo logs per instance:3
12233:INFO: Sep 02, 2026 2:20:52 PM oracle.assistants.dbca.util.StorageCustomizationHelper createRedoLogs
12234:INFO: RedologGroup updated: threadId:1 GroupId:1
12237:INFO: Sep 02, 2026 2:20:52 PM oracle.assistants.dbca.util.StorageCustomizationHelper createRedoLogs
12238:INFO: RedologGroup updated: threadId:1 GroupId:2
12241:INFO: Sep 02, 2026 2:20:52 PM oracle.assistants.dbca.util.StorageCustomizationHelper createRedoLogs
12242:INFO: RedologGroup updated: threadId:1 GroupId:3
12245:INFO: Sep 02, 2026 2:20:52 PM oracle.assistants.dbca.util.StorageCustomizationHelper constructRedologGroupsForCreateDB
12246:INFO: Total No of redo logs created:3
12602:INFO: Could not find the init param (redo_transport_user) from init params.
13322:INFO: Could not find the init param (instant_restore) from init params.
14078:INFO: Could not find the init param (redo_transport_user) from init params.
14798:INFO: Could not find the init param (instant_restore) from init params.
15576:INFO: Sep 02, 2026 2:23:34 PM oracle.assistants.common.util.DBStorageLocationHelper getFreeSpaceRequiredForRedoLogs
15577:INFO: Adding redo log size: 200of file: 1 and member: /u01/oradata/{DB_UNIQUE_NAME}/to space required
15580:INFO: Sep 02, 2026 2:23:34 PM oracle.assistants.common.util.DBStorageLocationHelper getFreeSpaceRequiredForRedoLogs
15581:INFO: Adding redo log size: 200of file: 2 and member: /u01/oradata/{DB_UNIQUE_NAME}/to space required
15584:INFO: Sep 02, 2026 2:23:34 PM oracle.assistants.common.util.DBStorageLocationHelper getFreeSpaceRequiredForRedoLogs
15585:INFO: Adding redo log size: 200of file: 3 and member: /u01/oradata/{DB_UNIQUE_NAME}/to space required
15652:INFO: Sep 02, 2026 2:23:34 PM oracle.assistants.common.util.DBStorageLocationHelper getFreeSpaceRequiredForRedoLogs
15653:INFO: Adding redo log size: 200of file: 1 and member: /u01/oradata/{DB_UNIQUE_NAME}/to space required
15656:INFO: Sep 02, 2026 2:23:34 PM oracle.assistants.common.util.DBStorageLocationHelper getFreeSpaceRequiredForRedoLogs
15657:INFO: Adding redo log size: 200of file: 2 and member: /u01/oradata/{DB_UNIQUE_NAME}/to space required
15660:INFO: Sep 02, 2026 2:23:34 PM oracle.assistants.common.util.DBStorageLocationHelper getFreeSpaceRequiredForRedoLogs
15661:INFO: Adding redo log size: 200of file: 3 and member: /u01/oradata/{DB_UNIQUE_NAME}/to space required
15882:INFO: Sep 02, 2026 2:23:41 PM oracle.assistants.dbca.action.SummaryAction buildRedoLogGroups
15883:INFO: Creating redo log category
15886:INFO: Sep 02, 2026 2:23:41 PM oracle.assistants.dbca.action.SummaryAction buildRedoLogGroups
15887:INFO: isMUltiplexRedo value : false
15890:INFO: Sep 02, 2026 2:23:41 PM oracle.assistants.dbca.action.SummaryAction buildRedoLogGroups
15963:Redo Log Groups
15966:- Group 1, File - /u01/oradata/{DB_UNIQUE_NAME}/redo01.log, Size(K) : 204800
15967:- Group 2, File - /u01/oradata/{DB_UNIQUE_NAME}/redo02.log, Size(K) : 204800
15968:- Group 3, File - /u01/oradata/{DB_UNIQUE_NAME}/redo03.log, Size(K) : 204800
16133:INFO: Sep 02, 2026 2:23:47 PM oracle.assistants.dbca.driver.DBConfigDriverHelper updateRedoLogGroupsFileStorageLocWithUppercaseDBUniquename
16134:INFO: Entering method.. updateRedoLogGroupsFileStorageLocWithUppercaseDBUniquename for updating the DBUNIQUENAME in redolLog location
16182:[progressPage.flowWorker] [ 2026-09-02 14:23:47.481 BRT ] [DatabaseStorageAttributes.addRedoLogGroup:344]  This thread doesnot exist in existing thread to group map
16183:[progressPage.flowWorker] [ 2026-09-02 14:23:47.481 BRT ] [DatabaseStorageAttributes.addRedoLogGroup:282]  Current threadID=1
16184:[progressPage.flowWorker] [ 2026-09-02 14:23:47.481 BRT ] [DatabaseStorageAttributes.addRedoLogGroup:283]  newThread threadID=1
16185:[progressPage.flowWorker] [ 2026-09-02 14:23:47.481 BRT ] [DatabaseStorageAttributes.addRedoLogGroup:316]  redoGroups.length 1
16186:[progressPage.flowWorker] [ 2026-09-02 14:23:47.481 BRT ] [DatabaseStorageAttributes.addRedoLogGroup:318]  new redoGroup id 2
16187:[progressPage.flowWorker] [ 2026-09-02 14:23:47.481 BRT ] [DatabaseStorageAttributes.addRedoLogGroup:323]  redoGroups 1
16188:[progressPage.flowWorker] [ 2026-09-02 14:23:47.482 BRT ] [DatabaseStorageAttributes.addRedoLogGroup:334]  arRedoGroups:[1, 2] adding to thread id 1
16189:[progressPage.flowWorker] [ 2026-09-02 14:23:47.482 BRT ] [DatabaseStorageAttributes.addRedoLogGroup:282]  Current threadID=1
16190:[progressPage.flowWorker] [ 2026-09-02 14:23:47.482 BRT ] [DatabaseStorageAttributes.addRedoLogGroup:283]  newThread threadID=1
16191:[progressPage.flowWorker] [ 2026-09-02 14:23:47.482 BRT ] [DatabaseStorageAttributes.addRedoLogGroup:316]  redoGroups.length 2
16192:[progressPage.flowWorker] [ 2026-09-02 14:23:47.482 BRT ] [DatabaseStorageAttributes.addRedoLogGroup:318]  new redoGroup id 3
16193:[progressPage.flowWorker] [ 2026-09-02 14:23:47.482 BRT ] [DatabaseStorageAttributes.addRedoLogGroup:323]  redoGroups 1
16194:[progressPage.flowWorker] [ 2026-09-02 14:23:47.482 BRT ] [DatabaseStorageAttributes.addRedoLogGroup:323]  redoGroups 2
16195:[progressPage.flowWorker] [ 2026-09-02 14:23:47.482 BRT ] [DatabaseStorageAttributes.addRedoLogGroup:334]  arRedoGroups:[1, 2, 3] adding to thread id 1
16340:Total Redo Log Destinations: 5
16360:All Existing Redo Logs: Null
16381:================== Bean Properties of RedoLogGroupBean ==================
16383:Redo Log Group ID: 1
16384:Redo Log Group File Size: 204800
16385:Redo Log Group File Size Unit: KB
16386:Redo Log Group Thread ID: 1
16387:Redo File Reuse: false
16390:Redo Members: [[0,false],]
16393:Redo Log Group ID: 2
16394:Redo Log Group File Size: 204800
16395:Redo Log Group File Size Unit: KB
16396:Redo Log Group Thread ID: 1
16397:Redo File Reuse: false
16400:Redo Members: [[0,false],]
16403:Redo Log Group ID: 3
16404:Redo Log Group File Size: 204800
16405:Redo Log Group File Size Unit: KB
16406:Redo Log Group Thread ID: 1
16407:Redo File Reuse: false
16410:Redo Members: [[0,false],]
16413:================== End of RedoLogGroupBean Bean Properties ==================
16422:JAR File Name: Seed_Database.dfb
16907:[progressPage.flowWorker] [ 2026-09-02 14:23:47.756 BRT ] [Host.getFolders:11900]  RedoLogDestName db_create_online_log_dest_1
16908:[progressPage.flowWorker] [ 2026-09-02 14:23:47.756 BRT ] [Host.getFolders:11900]  RedoLogDestName db_create_online_log_dest_2
16909:[progressPage.flowWorker] [ 2026-09-02 14:23:47.756 BRT ] [Host.getFolders:11900]  RedoLogDestName db_create_online_log_dest_3
16910:[progressPage.flowWorker] [ 2026-09-02 14:23:47.756 BRT ] [Host.getFolders:11900]  RedoLogDestName db_create_online_log_dest_4
16911:[progressPage.flowWorker] [ 2026-09-02 14:23:47.756 BRT ] [Host.getFolders:11900]  RedoLogDestName db_create_online_log_dest_5
17149:[progressPage.flowWorker] [ 2026-09-02 14:23:47.839 BRT ] [BasicStep.execute:301]  Executing Step : CLONE_DB_CREATION_RMAN_RESTORE, Try count: 1
17157:[progressPage.flowWorker] [ 2026-09-02 14:23:47.841 BRT ] [CloneRmanRestoreStep.executeImpl:255]  calling step to create listener
17202:oracle.sysman.assistants.dbca.backend.CloneRmanRestoreStep.executeImpl(CloneRmanRestoreStep.java:258)
17447:[progressPage.flowWorker] [ 2026-09-02 14:23:57.771 BRT ] [CloneRmanRestoreStep.executeImpl:266]  Instance Creation went fine..........
17448:[progressPage.flowWorker] [ 2026-09-02 14:23:57.771 BRT ] [CloneRmanRestoreStep.executeImpl:273]  db_recovery_file_dest="/u01/fra"
17449:[progressPage.flowWorker] [ 2026-09-02 14:23:57.771 BRT ] [CloneRmanRestoreStep.executeImpl:276]  db_recovery_file_dest_size=3072m
17451:[progressPage.flowWorker] [ 2026-09-02 14:23:57.772 BRT ] [CloneRmanRestoreStep.executeImpl:292]  Setting NLS_LANG to AMERICA.AL32UTF8
17468:[progressPage.flowWorker] [ 2026-09-02 14:23:58.854 BRT ] [SQLEngine.setSpool:2133]  Setting Spool  = /u01/app/oracle/cfgtoollogs/dbca/orcl/CloneRmanRestore.log
17470:[progressPage.flowWorker] [ 2026-09-02 14:23:58.854 BRT ] [CloneRmanRestoreStep.executeImpl:318]  _diag_hm_rc_enabled to false
17472:[progressPage.flowWorker] [ 2026-09-02 14:23:58.855 BRT ] [CloneRmanRestoreStep.executeImpl:353]  Using control file: /u01/app/oracle/product/19.0.0/dbhome_1/assistants/dbca/templates/Seed_Database.ctl; sourceDBName: seeddata
17476:[progressPage.flowWorker] [ 2026-09-02 14:23:58.918 BRT ] [BasicStep.execute:301]  Executing Step : RMAN_RESTORE_FROM_OFFLINE_BACKUP, Try count: 1
17479:[progressPage.flowWorker] [ 2026-09-02 14:24:17.068 BRT ] [RmanRestoreDatafilesStep.executeImpl:89]  update db alert log File
17491:[progressPage.flowWorker] [ 2026-09-02 14:24:17.104 BRT ] [RmanRestoreDatafilesStep.executeImpl:92]  Clearing v$datafile_copy entries
17492:[progressPage.flowWorker] [ 2026-09-02 14:24:17.279 BRT ] [RmanRestoreDatafilesStep.executeImpl:94]  Clearing all backup entries
17493:[progressPage.flowWorker] [ 2026-09-02 14:24:17.287 BRT ] [RmanRestoreDatafilesStep.executeImpl:136]  Getting the map of data file ids and names for restore
17535:[progressPage.flowWorker] [ 2026-09-02 14:24:19.055 BRT ] [RMANUtil.catalogBackup:739]   catalog command CATALOG START WITH   '/u01/app/oracle/product/19.0.0/dbhome_1/assistants/dbca/templates//Seed_Database.dfb'  NOPROMPT
17537:[progressPage.flowWorker] [ 2026-09-02 14:24:19.055 BRT ] [RMANEngine.executeImpl:1302]  Command being written to rman process=CATALOG START WITH   '/u01/app/oracle/product/19.0.0/dbhome_1/assistants/dbca/templates//Seed_Database.dfb'  NOPROMPT;
17556:[Thread-252] [ 2026-09-02 14:24:20.314 BRT ] [RMANEngine.readSqlOutput:997]  Log RMAN Output=searching for all files that match the pattern /u01/app/oracle/product/19.0.0/dbhome_1/assistants/dbca/templates//Seed_Database.dfb
17560:[Thread-252] [ 2026-09-02 14:24:20.320 BRT ] [RMANEngine.readSqlOutput:997]  Log RMAN Output=File Name: /u01/app/oracle/product/19.0.0/dbhome_1/assistants/dbca/templates/Seed_Database.dfb
17566:[Thread-252] [ 2026-09-02 14:24:20.461 BRT ] [RMANEngine.readSqlOutput:997]  Log RMAN Output=File Name: /u01/app/oracle/product/19.0.0/dbhome_1/assistants/dbca/templates/Seed_Database.dfb
17574:[progressPage.flowWorker] [ 2026-09-02 14:24:20.542 BRT ] [RMANEngine.executeImpl:1389]  DONE EXECUTING GIVEN COMMAND=CATALOG START WITH   '/u01/app/oracle/product/19.0.0/dbhome_1/assistants/dbca/templates//Seed_Database.dfb'  NOPROMPT;
17576:[progressPage.flowWorker] [ 2026-09-02 14:24:20.542 BRT ] [RMANUtil.getRestoreCommandForDataFiles:351]   generate set new name/restore command per datafile basis
17577:[progressPage.flowWorker] [ 2026-09-02 14:24:20.542 BRT ] [RMANUtil.restoreDataFilesFromBackup:531]   set new name command RUN {
17587:restore datafile 1;
17589:restore datafile 3;
17591:restore datafile 4;
17593:restore datafile 7; }
17605:restore datafile 1;
17607:restore datafile 3;
17609:restore datafile 4;
17611:restore datafile 7; }
17624:[Thread-252] [ 2026-09-02 14:24:20.595 BRT ] [RMANEngine.readSqlOutput:997]  Log RMAN Output=Starting restore at 02-SEP-26
17627:[Thread-252] [ 2026-09-02 14:24:20.706 BRT ] [RMANEngine.readSqlOutput:997]  Log RMAN Output=channel ORA_DISK_1: starting datafile backup set restore
17628:[Thread-252] [ 2026-09-02 14:24:20.708 BRT ] [RMANEngine.readSqlOutput:997]  Log RMAN Output=channel ORA_DISK_1: specifying datafile(s) to restore from backup set
17630:[Thread-252] [ 2026-09-02 14:24:20.709 BRT ] [RMANEngine.readSqlOutput:997]  Log RMAN Output=channel ORA_DISK_1: reading from backup piece /u01/app/oracle/product/19.0.0/dbhome_1/assistants/dbca/templates/Seed_Database.dfb
17631:[Thread-252] [ 2026-09-02 14:24:55.744 BRT ] [RMANEngine.readSqlOutput:997]  Log RMAN Output=channel ORA_DISK_1: piece handle=/u01/app/oracle/product/19.0.0/dbhome_1/assistants/dbca/templates/Seed_Database.dfb tag=TAG20190417T021258
17632:[Thread-252] [ 2026-09-02 14:24:55.746 BRT ] [RMANEngine.readSqlOutput:997]  Log RMAN Output=channel ORA_DISK_1: restored backup piece 1
17633:[Thread-252] [ 2026-09-02 14:24:55.748 BRT ] [RMANEngine.readSqlOutput:997]  Log RMAN Output=channel ORA_DISK_1: restore complete, elapsed time: 00:00:35
17634:[Thread-252] [ 2026-09-02 14:24:55.758 BRT ] [RMANEngine.readSqlOutput:997]  Log RMAN Output=Finished restore at 02-SEP-26
17636:[Thread-252] [ 2026-09-02 14:24:55.844 BRT ] [RMANEngine.readSqlOutput:997]  Log RMAN Output=Starting restore at 02-SEP-26
17639:[Thread-252] [ 2026-09-02 14:24:55.936 BRT ] [RMANEngine.readSqlOutput:997]  Log RMAN Output=channel ORA_DISK_1: starting datafile backup set restore
17640:[Thread-252] [ 2026-09-02 14:24:55.937 BRT ] [RMANEngine.readSqlOutput:997]  Log RMAN Output=channel ORA_DISK_1: specifying datafile(s) to restore from backup set
17642:[Thread-252] [ 2026-09-02 14:24:55.938 BRT ] [RMANEngine.readSqlOutput:997]  Log RMAN Output=channel ORA_DISK_1: reading from backup piece /u01/app/oracle/product/19.0.0/dbhome_1/assistants/dbca/templates/Seed_Database.dfb
17643:[Thread-252] [ 2026-09-02 14:25:21.210 BRT ] [RMANEngine.readSqlOutput:997]  Log RMAN Output=channel ORA_DISK_1: piece handle=/u01/app/oracle/product/19.0.0/dbhome_1/assistants/dbca/templates/Seed_Database.dfb tag=TAG20190417T021258
17644:[Thread-252] [ 2026-09-02 14:25:21.211 BRT ] [RMANEngine.readSqlOutput:997]  Log RMAN Output=channel ORA_DISK_1: restored backup piece 1
17645:[Thread-252] [ 2026-09-02 14:25:21.212 BRT ] [RMANEngine.readSqlOutput:997]  Log RMAN Output=channel ORA_DISK_1: restore complete, elapsed time: 00:00:26
17646:[Thread-252] [ 2026-09-02 14:25:21.219 BRT ] [RMANEngine.readSqlOutput:997]  Log RMAN Output=Finished restore at 02-SEP-26
17648:[Thread-252] [ 2026-09-02 14:25:21.247 BRT ] [RMANEngine.readSqlOutput:997]  Log RMAN Output=Starting restore at 02-SEP-26
17651:[Thread-252] [ 2026-09-02 14:25:21.299 BRT ] [RMANEngine.readSqlOutput:997]  Log RMAN Output=channel ORA_DISK_1: starting datafile backup set restore
17652:[Thread-252] [ 2026-09-02 14:25:21.301 BRT ] [RMANEngine.readSqlOutput:997]  Log RMAN Output=channel ORA_DISK_1: specifying datafile(s) to restore from backup set
17654:[Thread-252] [ 2026-09-02 14:25:21.303 BRT ] [RMANEngine.readSqlOutput:997]  Log RMAN Output=channel ORA_DISK_1: reading from backup piece /u01/app/oracle/product/19.0.0/dbhome_1/assistants/dbca/templates/Seed_Database.dfb
17655:[Thread-252] [ 2026-09-02 14:25:22.305 BRT ] [RMANEngine.readSqlOutput:997]  Log RMAN Output=channel ORA_DISK_1: piece handle=/u01/app/oracle/product/19.0.0/dbhome_1/assistants/dbca/templates/Seed_Database.dfb tag=TAG20190417T021258
17656:[Thread-252] [ 2026-09-02 14:25:22.305 BRT ] [RMANEngine.readSqlOutput:997]  Log RMAN Output=channel ORA_DISK_1: restored backup piece 1
17657:[Thread-252] [ 2026-09-02 14:25:22.307 BRT ] [RMANEngine.readSqlOutput:997]  Log RMAN Output=channel ORA_DISK_1: restore complete, elapsed time: 00:00:01
17658:[Thread-252] [ 2026-09-02 14:25:22.310 BRT ] [RMANEngine.readSqlOutput:997]  Log RMAN Output=Finished restore at 02-SEP-26
17660:[Thread-252] [ 2026-09-02 14:25:22.341 BRT ] [RMANEngine.readSqlOutput:997]  Log RMAN Output=Starting restore at 02-SEP-26
17663:[Thread-252] [ 2026-09-02 14:25:22.397 BRT ] [RMANEngine.readSqlOutput:997]  Log RMAN Output=channel ORA_DISK_1: starting datafile backup set restore
17664:[Thread-252] [ 2026-09-02 14:25:22.398 BRT ] [RMANEngine.readSqlOutput:997]  Log RMAN Output=channel ORA_DISK_1: specifying datafile(s) to restore from backup set
17666:[Thread-252] [ 2026-09-02 14:25:22.399 BRT ] [RMANEngine.readSqlOutput:997]  Log RMAN Output=channel ORA_DISK_1: reading from backup piece /u01/app/oracle/product/19.0.0/dbhome_1/assistants/dbca/templates/Seed_Database.dfb
17667:[Thread-252] [ 2026-09-02 14:25:23.401 BRT ] [RMANEngine.readSqlOutput:997]  Log RMAN Output=channel ORA_DISK_1: piece handle=/u01/app/oracle/product/19.0.0/dbhome_1/assistants/dbca/templates/Seed_Database.dfb tag=TAG20190417T021258
17668:[Thread-252] [ 2026-09-02 14:25:23.401 BRT ] [RMANEngine.readSqlOutput:997]  Log RMAN Output=channel ORA_DISK_1: restored backup piece 1
17669:[Thread-252] [ 2026-09-02 14:25:23.403 BRT ] [RMANEngine.readSqlOutput:997]  Log RMAN Output=channel ORA_DISK_1: restore complete, elapsed time: 00:00:01
17670:[Thread-252] [ 2026-09-02 14:25:23.407 BRT ] [RMANEngine.readSqlOutput:997]  Log RMAN Output=Finished restore at 02-SEP-26
17688:restore datafile 1;
17690:restore datafile 3;
17692:restore datafile 4;
17694:restore datafile 7; }
17695:[progressPage.flowWorker] [ 2026-09-02 14:25:23.452 BRT ] [RMANUtil.restoreDataFilesFromBackup:534]  done with set new name
17700:[progressPage.flowWorker] [ 2026-09-02 14:25:23.467 BRT ] [RmanRestoreDatafilesStep.executeImpl:189]  Restored datafiles
17701:[progressPage.flowWorker] [ 2026-09-02 14:25:23.469 BRT ] [SQLEngine.spoolOff:2208]  Setting spool off = /u01/app/oracle/cfgtoollogs/dbca/orcl/CloneRmanRestore.log
17714:INFO: CLONE_DB_CREATION_RMAN_RESTORE Successfully Finished ...
17747:[progressPage.flowWorker] [ 2026-09-02 14:25:23.536 BRT ] [CloneDBCreationStep.executeImpl:422]  a.createCtlFileSql = Create controlfile reuse set database "orcl"
17756:[progressPage.flowWorker] [ 2026-09-02 14:25:23.536 BRT ] [CloneDBCreationStep.executeImpl:426]  b.createCtlFileSql = Create controlfile reuse set database "orcl"
17767:[progressPage.flowWorker] [ 2026-09-02 14:25:34.389 BRT ] [CloneDBCreationStep.executeImpl:445]  createCtl=Create controlfile reuse set database "orcl"
17778:[progressPage.flowWorker] [ 2026-09-02 14:25:34.392 BRT ] [CloneDBCreationStep.executeImpl:452]  crtCtl=Create controlfile reuse set database "orcl"
17789:[progressPage.flowWorker] [ 2026-09-02 14:25:34.395 BRT ] [CloneDBCreationStep.executeImpl:468]  Length of OriginalRedoLogsGrNames=3
17790:[progressPage.flowWorker] [ 2026-09-02 14:25:34.402 BRT ] [RedoLogGroupSQLGenerator.filespecsClause:73]  LOG FILE size in MB = 200
17791:[progressPage.flowWorker] [ 2026-09-02 14:25:34.404 BRT ] [RedoLogGroupSQLGenerator.filespecsClause:79]  RedoFile space clause ('/u01/oradata/ORCL/redo01.log') SIZE 200M
17792:[progressPage.flowWorker] [ 2026-09-02 14:25:34.406 BRT ] [CloneDBCreationStep.executeImpl:477]  0th redoLogText = GROUP 1 ('/u01/oradata/ORCL/redo01.log') SIZE 200M
17793:[progressPage.flowWorker] [ 2026-09-02 14:25:34.407 BRT ] [RedoLogGroupSQLGenerator.filespecsClause:73]  LOG FILE size in MB = 200
17794:[progressPage.flowWorker] [ 2026-09-02 14:25:34.408 BRT ] [RedoLogGroupSQLGenerator.filespecsClause:79]  RedoFile space clause ('/u01/oradata/ORCL/redo02.log') SIZE 200M
17795:[progressPage.flowWorker] [ 2026-09-02 14:25:34.409 BRT ] [CloneDBCreationStep.executeImpl:477]  1th redoLogText = GROUP 2 ('/u01/oradata/ORCL/redo02.log') SIZE 200M
17796:[progressPage.flowWorker] [ 2026-09-02 14:25:34.410 BRT ] [RedoLogGroupSQLGenerator.filespecsClause:73]  LOG FILE size in MB = 200
17797:[progressPage.flowWorker] [ 2026-09-02 14:25:34.411 BRT ] [RedoLogGroupSQLGenerator.filespecsClause:79]  RedoFile space clause ('/u01/oradata/ORCL/redo03.log') SIZE 200M
17798:[progressPage.flowWorker] [ 2026-09-02 14:25:34.412 BRT ] [CloneDBCreationStep.executeImpl:477]  2th redoLogText = GROUP 3 ('/u01/oradata/ORCL/redo03.log') SIZE 200M
17799:[progressPage.flowWorker] [ 2026-09-02 14:25:34.412 BRT ] [CloneDBCreationStep.executeImpl:498]  createCTLSql=Create controlfile reuse set database "orcl"
17810:LOGFILE GROUP 1 ('/u01/oradata/ORCL/redo01.log') SIZE 200M,
17811:GROUP 2 ('/u01/oradata/ORCL/redo02.log') SIZE 200M,
17812:GROUP 3 ('/u01/oradata/ORCL/redo03.log') SIZE 200M RESETLOGS;
17829:[progressPage.flowWorker] [ 2026-09-02 14:26:09.345 BRT ] [CloneDBCreationStep.executeImpl:684]  alter database "orcl" open resetlogs;
